// Jest Snapshot v1, https://goo.gl/fbAQLP

exports[`comparison should match the snapshot data 1`] = `
<div
  className="app"
>
  1
  <div
    className="input-box-wrapper"
  >
    n =
     
    <input
      placeholder="Positive integer"
      type="text"
    />
    <select
      defaultValue="saab"
      onChange={[Function]}
    >
      <option
        value="volvo"
      >
        Volvo
      </option>
      <option
        value="saab"
      >
        Saab
      </option>
      <option
        value="mercedes"
      >
        Mercedes
      </option>
      <option
        value="audi"
      >
        Audi
      </option>
    </select>
    <button
      className="submit-button"
      onClick={[Function]}
    >
       
      Submit
       
    </button>
  </div>
  <div
    className="error-msg-box-wrapper"
  />
  <div
    className="result-box-wrapper"
  >
    
  </div>
</div>
`;
